PS C:\Users\tpmxd> cd C:\Users\tpmxd\OneDrive\ドキュメント             
PS C:\Users\tpmxd\OneDrive\ドキュメント> mkdir git_challenge


    ディレクトリ: C:\Users\tpmxd\OneDrive\ドキュメント


Mode                 LastWriteTime         Length Name
----                 -------------         ------ ----
d-----        2024/06/26      0:52                git_challenge


PS C:\Users\tpmxd\OneDrive\ドキュメント> cd git_challenge
PS C:\Users\tpmxd\OneDrive\ドキュメント\git_challenge> git init
Initialized empty Git repository in C:/Users/tpmxd/OneDrive/ドキュメント/git_challenge/.git/
PS C:\Users\tpmxd\OneDrive\ドキュメント\git_challenge> git add hello_world.txt
PS C:\Users\tpmxd\OneDrive\ドキュメント\git_challenge> git commit -m "hello_world.txtを追加"
[main (root-commit) bb12320] hello_world.txtを追加
 1 file changed, 1 insertion(+)
 create mode 100644 hello_world.txt
PS C:\Users\tpmxd\OneDrive\ドキュメント\git_challenge> git add hello_world.txt
PS C:\Users\tpmxd\OneDrive\ドキュメント\git_challenge> git commit -m "日本語訳を追記"
[main 7543124] 日本語訳を追記
 1 file changed, 2 insertions(+), 1 deletion(-)
PS C:\Users\tpmxd\OneDrive\ドキュメント\git_challenge> git log --oneline
7543124 (HEAD -> main) 日本語訳を追記
bb12320 hello_world.txtを追加
PS C:\Users\tpmxd\OneDrive\ドキュメント\git_challenge>